6 going on
6 end
10 going on
10 end
2 going on
2 ret
11 ret
5 going on
5 end
7 going on
7 end
