18446744073709551615
18446744073709551516
9223372036854775808
18446744073709551615
150
less
not
not
greater
less equals
greater equals
5992
5994
