-Hello
Hello-

/usr/home/l-m/git/stas

usr home l-m git stas 
stas git l-m home usr 
